I"<p>깃허브 또는 깃을 사용하다보면, 태그를 생성하고 싶은 경우가 있습니다. 예를 들어 현재 브랜치에 뭔가를 강력하게 표시하고 싶을 때 라던가 브랜치를 통해서 무엇인가를 식별하려고 할 때 등 다양하게 사용될 수 있습니다.</p>

<h2 id="깃-태그-생성하는-3-가지-방법">깃 태그 생성하는 3 가지 방법</h2>

<p>이 글에서는 깃 태그 생성하는 3가지 방법에 대해서 알아보도록 하겠습니다.</p>

<blockquote>
  <p>깃 태그 생성하는 3가지 방법</p>
  <ol>
    <li>깃 커맨드 라인</li>
    <li>소스 트리</li>
    <li>깃허브 웹페이지 인터페이스</li>
  </ol>
</blockquote>

<h3 id="깃-커맨드-라인">깃 커맨드 라인</h3>

<p>제가 생각하는 가장 간단한 방법입니다.</p>

<p>현재 브랜치에서 다음과 같이 명령어를 입력해줍니다.</p>

<div class="language-bash highlighter-rouge"><div class="highlight"><pre class="highlight"><code>git tag &lt;tag-name&gt;
</code></pre></div></div>

<p>만약 태그에 추가적인 설명을 넣고 싶다면, 다음과 같이 anotated tag를 생성하는 명령어를 사용합니다.</p>

<div class="language-bash highlighter-rouge"><div class="highlight"><pre class="highlight"><code>git tag &lt;tag-name&gt; <span class="nt">-a</span>
</code></pre></div></div>

<p>만들어진 태그를 확인하고 싶다면, 다음과 같은 명령어를 사용합니다.</p>

<div class="language-bash highlighter-rouge"><div class="highlight"><pre class="highlight"><code>git tag
</code></pre></div></div>

<p>태그 전체를 리모트 저장소에 푸시하려면, 다음과 같은 명령어를 사용합니다.</p>

<div class="language-bash highlighter-rouge"><div class="highlight"><pre class="highlight"><code>git push origin <span class="nt">--tags</span>
</code></pre></div></div>

<p>특정 태그 1개만 리모트 저장소에 푸시하려면, 다음과 같은 명령어를 사용합니다.</p>

<div class="language-bash highlighter-rouge"><div class="highlight"><pre class="highlight"><code>git push origin &lt;tag-name&gt;
</code></pre></div></div>

<h3 id="소스-트리">소스 트리</h3>

<p><img src="/assets/images/source-tree.png" alt="source tree" /></p>

<ol>
  <li>소스 트리에서 <strong>Tags</strong> 영역에 오른쪽 버튼을 클릭합니다.</li>
  <li><code class="language-plaintext highlighter-rouge">New Tag..</code>를 클릭합니다.</li>
</ol>

<p><img src="/assets/images/source-tree-tag.png" alt="create tag" /></p>

<ol>
  <li>태그 이름을 입력합니다.</li>
  <li>만약 태그를 생성함과 동시에 리모트 저장소에 푸시하고 싶다면 <code class="language-plaintext highlighter-rouge">push tag</code>를 체크합니다.</li>
  <li><strong>Add</strong>버튼으로 태그를 생성합니다.</li>
</ol>

<h3 id="깃허브-웹-페이지-인터페이스">깃허브 웹 페이지 인터페이스</h3>

<p><img src="/assets/images/github-release.png" alt="github page" /></p>

<ul>
  <li>깃허브 메인 페이지에서 <strong>releases</strong>를 클릭합니다.</li>
</ul>

<p><img src="/assets/images/github-draft-release.png" alt="github page" /></p>

<ul>
  <li><strong>Draft a new release</strong> 버튼을 클릭합니다.</li>
</ul>

<p><img src="/assets/images/github-release-new.png" alt="github page" /></p>

<ol>
  <li>새로운 릴리즈를 생성하기 위해 모든 칸을 다 채우고, <strong>Publish release</strong> 버튼을 클릭 합니다.</li>
  <li>로컬 저장소에 가져와 확인하고 싶다면 다음과 같은 명령어를 사용하여 로컬 저장소에 가져옵니다.</li>
</ol>

<div class="language-bash highlighter-rouge"><div class="highlight"><pre class="highlight"><code>git fetch
</code></pre></div></div>

<h2 id="맺음">맺음</h2>

<p><strong>깃 태그 생성하는 3 가지 방법</strong>에 대해서 알아보았습니다. 혹시 궁금하신 점이나 이상한 점이 있으시다면 댓글 부탁드리겠습니다.</p>

<p>감사합니다.</p>
:ET